Archive member included to satisfy reference by file (symbol)

c:/program files/microchip/xc8/v2.20/avr/bin/../lib/gcc/avr/5.4.0/avrxmega4/memx-const\libgcc.a(_exit.o)
                              C:/Users/m52701/.mchp_packs/Microchip/AVR-Dx_DFP/1.1.40/xc8/avr/lib/avrxmega4/memx-const/crtavr128da48.o (exit)
c:/program files/microchip/xc8/v2.20/avr/bin/../lib/gcc/avr/5.4.0/avrxmega4/memx-const\libgcc.a(_copy_data.o)
                              build/default/production/main.o (__do_clear_bss)
C:/Users/m52701/.mchp_packs/Microchip/AVR-Dx_DFP/1.1.40/xc8/avr/lib/avrxmega4/memx-const\libavr128da48.a(ccp_write.o)
                              build/default/production/main.o (ccp_write_io)

Allocating common symbols
Common symbol       size              file

adcVal              0x2               build/default/production/main.o

Discarded input sections

 .data          0x0000000000000000        0x0 C:/Users/m52701/.mchp_packs/Microchip/AVR-Dx_DFP/1.1.40/xc8/avr/lib/avrxmega4/memx-const/crtavr128da48.o
 .bss           0x0000000000000000        0x0 C:/Users/m52701/.mchp_packs/Microchip/AVR-Dx_DFP/1.1.40/xc8/avr/lib/avrxmega4/memx-const/crtavr128da48.o
 .text          0x0000000000000000        0x0 build/default/production/main.o
 .data          0x0000000000000000        0x0 build/default/production/main.o
 .bss           0x0000000000000000        0x0 build/default/production/main.o
 .text.VREF0_init
                0x0000000000000000        0x8 build/default/production/main.o
 .text.ADC0_read
                0x0000000000000000        0xa build/default/production/main.o
 .text.ADC0_start
                0x0000000000000000        0x8 build/default/production/main.o
 .text.ADC0_clearWindowCmpIntFlag
                0x0000000000000000        0x8 build/default/production/main.o
 .text.LED0_on  0x0000000000000000        0x8 build/default/production/main.o
 .text.LED0_off
                0x0000000000000000        0x8 build/default/production/main.o
 .text          0x0000000000000000        0x0 c:/program files/microchip/xc8/v2.20/avr/bin/../lib/gcc/avr/5.4.0/avrxmega4/memx-const\libgcc.a(_exit.o)
 .data          0x0000000000000000        0x0 c:/program files/microchip/xc8/v2.20/avr/bin/../lib/gcc/avr/5.4.0/avrxmega4/memx-const\libgcc.a(_exit.o)
 .bss           0x0000000000000000        0x0 c:/program files/microchip/xc8/v2.20/avr/bin/../lib/gcc/avr/5.4.0/avrxmega4/memx-const\libgcc.a(_exit.o)
 .text.libgcc.mul
                0x0000000000000000        0x0 c:/program files/microchip/xc8/v2.20/avr/bin/../lib/gcc/avr/5.4.0/avrxmega4/memx-const\libgcc.a(_exit.o)
 .text.libgcc.div
                0x0000000000000000        0x0 c:/program files/microchip/xc8/v2.20/avr/bin/../lib/gcc/avr/5.4.0/avrxmega4/memx-const\libgcc.a(_exit.o)
 .text.libgcc   0x0000000000000000        0x0 c:/program files/microchip/xc8/v2.20/avr/bin/../lib/gcc/avr/5.4.0/avrxmega4/memx-const\libgcc.a(_exit.o)
 .text.libgcc.prologue
                0x0000000000000000        0x0 c:/program files/microchip/xc8/v2.20/avr/bin/../lib/gcc/avr/5.4.0/avrxmega4/memx-const\libgcc.a(_exit.o)
 .text.libgcc.builtins
                0x0000000000000000        0x0 c:/program files/microchip/xc8/v2.20/avr/bin/../lib/gcc/avr/5.4.0/avrxmega4/memx-const\libgcc.a(_exit.o)
 .text.libgcc.fmul
                0x0000000000000000        0x0 c:/program files/microchip/xc8/v2.20/avr/bin/../lib/gcc/avr/5.4.0/avrxmega4/memx-const\libgcc.a(_exit.o)
 .text.libgcc.fixed
                0x0000000000000000        0x0 c:/program files/microchip/xc8/v2.20/avr/bin/../lib/gcc/avr/5.4.0/avrxmega4/memx-const\libgcc.a(_exit.o)
 .text          0x0000000000000000        0x0 c:/program files/microchip/xc8/v2.20/avr/bin/../lib/gcc/avr/5.4.0/avrxmega4/memx-const\libgcc.a(_copy_data.o)
 .data          0x0000000000000000        0x0 c:/program files/microchip/xc8/v2.20/avr/bin/../lib/gcc/avr/5.4.0/avrxmega4/memx-const\libgcc.a(_copy_data.o)
 .bss           0x0000000000000000        0x0 c:/program files/microchip/xc8/v2.20/avr/bin/../lib/gcc/avr/5.4.0/avrxmega4/memx-const\libgcc.a(_copy_data.o)
 .text.libgcc.mul
                0x0000000000000000        0x0 c:/program files/microchip/xc8/v2.20/avr/bin/../lib/gcc/avr/5.4.0/avrxmega4/memx-const\libgcc.a(_copy_data.o)
 .text.libgcc.div
                0x0000000000000000        0x0 c:/program files/microchip/xc8/v2.20/avr/bin/../lib/gcc/avr/5.4.0/avrxmega4/memx-const\libgcc.a(_copy_data.o)
 .text.libgcc   0x0000000000000000        0x0 c:/program files/microchip/xc8/v2.20/avr/bin/../lib/gcc/avr/5.4.0/avrxmega4/memx-const\libgcc.a(_copy_data.o)
 .text.libgcc.prologue
                0x0000000000000000        0x0 c:/program files/microchip/xc8/v2.20/avr/bin/../lib/gcc/avr/5.4.0/avrxmega4/memx-const\libgcc.a(_copy_data.o)
 .text.libgcc.builtins
                0x0000000000000000        0x0 c:/program files/microchip/xc8/v2.20/avr/bin/../lib/gcc/avr/5.4.0/avrxmega4/memx-const\libgcc.a(_copy_data.o)
 .text.libgcc.fmul
                0x0000000000000000        0x0 c:/program files/microchip/xc8/v2.20/avr/bin/../lib/gcc/avr/5.4.0/avrxmega4/memx-const\libgcc.a(_copy_data.o)
 .text.libgcc.fixed
                0x0000000000000000        0x0 c:/program files/microchip/xc8/v2.20/avr/bin/../lib/gcc/avr/5.4.0/avrxmega4/memx-const\libgcc.a(_copy_data.o)
 .text          0x0000000000000000        0x0 C:/Users/m52701/.mchp_packs/Microchip/AVR-Dx_DFP/1.1.40/xc8/avr/lib/avrxmega4/memx-const\libavr128da48.a(ccp_write.o)
 .data          0x0000000000000000        0x0 C:/Users/m52701/.mchp_packs/Microchip/AVR-Dx_DFP/1.1.40/xc8/avr/lib/avrxmega4/memx-const\libavr128da48.a(ccp_write.o)
 .bss           0x0000000000000000        0x0 C:/Users/m52701/.mchp_packs/Microchip/AVR-Dx_DFP/1.1.40/xc8/avr/lib/avrxmega4/memx-const\libavr128da48.a(ccp_write.o)

Memory Configuration

Name             Origin             Length             Attributes
text             0x0000000000000000 0x0000000000020000 xr
data             0x0000000000804000 0x0000000000004000 rw !x
eeprom           0x0000000000810000 0x0000000000000200 rw !x
fuse             0x0000000000820000 0x0000000000000010 rw !x
lock             0x0000000000830000 0x0000000000000400 rw !x
signature        0x0000000000840000 0x0000000000000400 rw !x
user_signatures  0x0000000000850000 0x0000000000000400 rw !x
*default*        0x0000000000000000 0xffffffffffffffff

Linker script and memory map

Address of section .data set to 0x804000
                0x0000000000008000                __RODATA_PM_OFFSET__ = 0x8000
LOAD C:/Users/m52701/.mchp_packs/Microchip/AVR-Dx_DFP/1.1.40/xc8/avr/lib/avrxmega4/memx-const/crtavr128da48.o
                0x0000000000000001                __MPLAB_BUILD = 0x1
LOAD build/default/production/main.o
START GROUP
LOAD c:/program files/microchip/xc8/v2.20/avr/bin/../lib/gcc/avr/5.4.0/../../../../avr/lib/avrxmega4/memx-const\libm.a
END GROUP
START GROUP
LOAD c:/program files/microchip/xc8/v2.20/avr/bin/../lib/gcc/avr/5.4.0/avrxmega4/memx-const\libgcc.a
LOAD c:/program files/microchip/xc8/v2.20/avr/bin/../lib/gcc/avr/5.4.0/../../../../avr/lib/avrxmega4/memx-const\libm.a
LOAD c:/program files/microchip/xc8/v2.20/avr/bin/../lib/gcc/avr/5.4.0/../../../../avr/lib/avrxmega4/memx-const\libc.a
LOAD C:/Users/m52701/.mchp_packs/Microchip/AVR-Dx_DFP/1.1.40/xc8/avr/lib/avrxmega4/memx-const\libavr128da48.a
END GROUP
                [0x0000000000000000]                __TEXT_REGION_ORIGIN__ = DEFINED (__TEXT_REGION_ORIGIN__)?__TEXT_REGION_ORIGIN__:0x0
                [0x0000000000804000]                __DATA_REGION_ORIGIN__ = DEFINED (__DATA_REGION_ORIGIN__)?__DATA_REGION_ORIGIN__:0x802000
                [0x0000000000020000]                __TEXT_REGION_LENGTH__ = DEFINED (__TEXT_REGION_LENGTH__)?__TEXT_REGION_LENGTH__:0x100000
                [0x0000000000004000]                __DATA_REGION_LENGTH__ = DEFINED (__DATA_REGION_LENGTH__)?__DATA_REGION_LENGTH__:0xffa0
                [0x0000000000000200]                __EEPROM_REGION_LENGTH__ = DEFINED (__EEPROM_REGION_LENGTH__)?__EEPROM_REGION_LENGTH__:0x10000
                [0x0000000000000010]                __FUSE_REGION_LENGTH__ = DEFINED (__FUSE_REGION_LENGTH__)?__FUSE_REGION_LENGTH__:0x400
                0x0000000000000400                __LOCK_REGION_LENGTH__ = DEFINED (__LOCK_REGION_LENGTH__)?__LOCK_REGION_LENGTH__:0x400
                0x0000000000000400                __SIGNATURE_REGION_LENGTH__ = DEFINED (__SIGNATURE_REGION_LENGTH__)?__SIGNATURE_REGION_LENGTH__:0x400
                0x0000000000000400                __USER_SIGNATURE_REGION_LENGTH__ = DEFINED (__USER_SIGNATURE_REGION_LENGTH__)?__USER_SIGNATURE_REGION_LENGTH__:0x400

.hash
 *(.hash)

.dynsym
 *(.dynsym)

.dynstr
 *(.dynstr)

.gnu.version
 *(.gnu.version)

.gnu.version_d
 *(.gnu.version_d)

.gnu.version_r
 *(.gnu.version_r)

.rel.init
 *(.rel.init)

.rela.init
 *(.rela.init)

.rel.text
 *(.rel.text)
 *(.rel.text.*)
 *(.rel.gnu.linkonce.t*)

.rela.text
 *(.rela.text)
 *(.rela.text.*)
 *(.rela.gnu.linkonce.t*)

.rel.fini
 *(.rel.fini)

.rela.fini
 *(.rela.fini)

.rel.rodata
 *(.rel.rodata)
 *(.rel.rodata.*)
 *(.rel.gnu.linkonce.r*)

.rela.rodata
 *(.rela.rodata)
 *(.rela.rodata.*)
 *(.rela.gnu.linkonce.r*)

.rel.data
 *(.rel.data)
 *(.rel.data.*)
 *(.rel.gnu.linkonce.d*)

.rela.data
 *(.rela.data)
 *(.rela.data.*)
 *(.rela.gnu.linkonce.d*)

.rel.ctors
 *(.rel.ctors)

.rela.ctors
 *(.rela.ctors)

.rel.dtors
 *(.rel.dtors)

.rela.dtors
 *(.rela.dtors)

.rel.got
 *(.rel.got)

.rela.got
 *(.rela.got)

.rel.bss
 *(.rel.bss)

.rela.bss
 *(.rela.bss)

.rel.plt
 *(.rel.plt)

.rela.plt
 *(.rela.plt)

.text           0x0000000000000000      0x146
 *(.vectors)
 .vectors       0x0000000000000000       0xe8 C:/Users/m52701/.mchp_packs/Microchip/AVR-Dx_DFP/1.1.40/xc8/avr/lib/avrxmega4/memx-const/crtavr128da48.o
                0x0000000000000000                __vector_default
                0x0000000000000000                __vectors
 *(.vectors)
 *(.progmem.gcc*)
 *(.dinit)
 .dinit         0x00000000000000e8        0x5 data_init
                0x00000000000000ee                . = ALIGN (0x2)
 *fill*         0x00000000000000ed        0x1 
                0x00000000000000ee                __trampolines_start = .
 *(.trampolines)
 .trampolines   0x00000000000000ee        0x0 linker stubs
 *(.trampolines*)
                0x00000000000000ee                __trampolines_end = .
 *libprintf_flt.a:*(.progmem.data)
 *libc.a:*(.progmem.data)
                0x00000000000000ee                . = ALIGN (0x2)
 *(.jumptables)
 *(.jumptables*)
 *(.lowtext)
 *(.lowtext*)
                0x00000000000000ee                __ctors_start = .
 *(.ctors)
                0x00000000000000ee                __ctors_end = .
                0x00000000000000ee                __dtors_start = .
 *(.dtors)
                0x00000000000000ee                __dtors_end = .
 SORT(*)(.ctors)
 SORT(*)(.dtors)
 *(.init0)
 .init0         0x00000000000000ee        0x0 C:/Users/m52701/.mchp_packs/Microchip/AVR-Dx_DFP/1.1.40/xc8/avr/lib/avrxmega4/memx-const/crtavr128da48.o
                0x00000000000000ee                __init
 *(.init0)
 *(.init1)
 *(.init1)
 *(.init2)
 .init2         0x00000000000000ee        0xc C:/Users/m52701/.mchp_packs/Microchip/AVR-Dx_DFP/1.1.40/xc8/avr/lib/avrxmega4/memx-const/crtavr128da48.o
 *(.init2)
 *(.init3)
 *(.init3)
 *(.init4)
 .init4         0x00000000000000fa       0x40 c:/program files/microchip/xc8/v2.20/avr/bin/../lib/gcc/avr/5.4.0/avrxmega4/memx-const\libgcc.a(_copy_data.o)
                0x00000000000000fa                __do_copy_data
                0x000000000000012c                __do_clear_bss
 *(.init4)
 *(.init5)
 *(.init5)
 *(.init6)
 *(.init6)
 *(.init7)
 *(.init7)
 *(.init8)
 *(.init8)
 *(.init9)
 .init9         0x000000000000013a        0x8 C:/Users/m52701/.mchp_packs/Microchip/AVR-Dx_DFP/1.1.40/xc8/avr/lib/avrxmega4/memx-const/crtavr128da48.o
 *(.init9)
                0x0000000000000142                . = ALIGN (0x2)
 *(.fini9)
 .fini9         0x0000000000000142        0x0 c:/program files/microchip/xc8/v2.20/avr/bin/../lib/gcc/avr/5.4.0/avrxmega4/memx-const\libgcc.a(_exit.o)
                0x0000000000000142                _exit
                0x0000000000000142                exit
 *(.fini9)
 *(.fini8)
 *(.fini8)
 *(.fini7)
 *(.fini7)
 *(.fini6)
 *(.fini6)
 *(.fini5)
 *(.fini5)
 *(.fini4)
 *(.fini4)
 *(.fini3)
 *(.fini3)
 *(.fini2)
 *(.fini2)
 *(.fini1)
 *(.fini1)
 *(.fini0)
 .fini0         0x0000000000000142        0x4 c:/program files/microchip/xc8/v2.20/avr/bin/../lib/gcc/avr/5.4.0/avrxmega4/memx-const\libgcc.a(_exit.o)
 *(.fini0)
                0x0000000000000146                _etext = .

.data           0x0000000000804000        0x0 load address 0x0000000000000146
                [!provide]                        PROVIDE (__data_start, .)
 *(.gnu.linkonce.d*)
 *(.gnu.linkonce.r*)
                0x0000000000804000                . = ALIGN (0x2)
                0x0000000000804000                _edata = .
                [!provide]                        PROVIDE (__data_end, .)

.bss            0x0000000000804000        0x2
                [!provide]                        PROVIDE (__bss_start, .)
 *(COMMON)
 COMMON         0x0000000000804000        0x2 build/default/production/main.o
                0x0000000000804000                adcVal
                [!provide]                        PROVIDE (__bss_end, .)
                0x0000000000000146                __data_load_start = LOADADDR (.data)
                0x0000000000000146                __data_load_end = (__data_load_start + SIZEOF (.data))

.noinit         0x0000000000804002        0x0
                [!provide]                        PROVIDE (__noinit_start, .)
 *(.noinit*)
                [!provide]                        PROVIDE (__noinit_end, .)
                0x0000000000804002                _end = .

.eeprom         0x0000000000810000        0x0
 *(.eeprom*)
                0x0000000000810000                __eeprom_end = .

.fuse
 *(.fuse)
 *(.lfuse)
 *(.hfuse)
 *(.efuse)

.lock
 *(.lock*)

.signature
 *(.signature*)

.user_signatures
 *(.user_signatures*)

.stab
 *(.stab)

.stabstr
 *(.stabstr)

.stab.excl
 *(.stab.excl)

.stab.exclstr
 *(.stab.exclstr)

.stab.index
 *(.stab.index)

.stab.indexstr
 *(.stab.indexstr)

.comment        0x0000000000000000       0x2f
 *(.comment)
 .comment       0x0000000000000000       0x2f build/default/production/main.o
                                         0x30 (size before relaxing)

.note.gnu.build-id
 *(.note.gnu.build-id)

.debug
 *(.debug)

.line
 *(.line)

.debug_srcinfo
 *(.debug_srcinfo)

.debug_sfnames
 *(.debug_sfnames)

.debug_aranges  0x0000000000000000       0xb0
 *(.debug_aranges)
 .debug_aranges
                0x0000000000000000       0x90 build/default/production/main.o
 .debug_aranges
                0x0000000000000090       0x20 C:/Users/m52701/.mchp_packs/Microchip/AVR-Dx_DFP/1.1.40/xc8/avr/lib/avrxmega4/memx-const\libavr128da48.a(ccp_write.o)

.debug_pubnames
 *(.debug_pubnames)

.debug_info     0x0000000000000000     0x412d
 *(.debug_info .gnu.linkonce.wi.*)
 .debug_info    0x0000000000000000     0x2c24 C:/Users/m52701/.mchp_packs/Microchip/AVR-Dx_DFP/1.1.40/xc8/avr/lib/avrxmega4/memx-const/crtavr128da48.o
 .debug_info    0x0000000000002c24     0x1459 build/default/production/main.o
 .debug_info    0x000000000000407d       0xb0 C:/Users/m52701/.mchp_packs/Microchip/AVR-Dx_DFP/1.1.40/xc8/avr/lib/avrxmega4/memx-const\libavr128da48.a(ccp_write.o)

.debug_abbrev   0x0000000000000000     0x2c3e
 *(.debug_abbrev)
 .debug_abbrev  0x0000000000000000     0x29ce C:/Users/m52701/.mchp_packs/Microchip/AVR-Dx_DFP/1.1.40/xc8/avr/lib/avrxmega4/memx-const/crtavr128da48.o
 .debug_abbrev  0x00000000000029ce      0x25c build/default/production/main.o
 .debug_abbrev  0x0000000000002c2a       0x14 C:/Users/m52701/.mchp_packs/Microchip/AVR-Dx_DFP/1.1.40/xc8/avr/lib/avrxmega4/memx-const\libavr128da48.a(ccp_write.o)

.debug_line     0x0000000000000000      0x58f
 *(.debug_line .debug_line.* .debug_line_end)
 .debug_line    0x0000000000000000      0x1f6 C:/Users/m52701/.mchp_packs/Microchip/AVR-Dx_DFP/1.1.40/xc8/avr/lib/avrxmega4/memx-const/crtavr128da48.o
 .debug_line    0x00000000000001f6      0x32f build/default/production/main.o
 .debug_line    0x0000000000000525       0x6a C:/Users/m52701/.mchp_packs/Microchip/AVR-Dx_DFP/1.1.40/xc8/avr/lib/avrxmega4/memx-const\libavr128da48.a(ccp_write.o)

.debug_frame    0x0000000000000000      0x104
 *(.debug_frame)
 .debug_frame   0x0000000000000000      0x104 build/default/production/main.o

.debug_str      0x0000000000000000     0x134c
 *(.debug_str)
 .debug_str     0x0000000000000000     0x1320 C:/Users/m52701/.mchp_packs/Microchip/AVR-Dx_DFP/1.1.40/xc8/avr/lib/avrxmega4/memx-const/crtavr128da48.o
 .debug_str     0x0000000000001320       0x2c build/default/production/main.o

.debug_loc
 *(.debug_loc)

.debug_macinfo
 *(.debug_macinfo)

.debug_weaknames
 *(.debug_weaknames)

.debug_funcnames
 *(.debug_funcnames)

.debug_typenames
 *(.debug_typenames)

.debug_varnames
 *(.debug_varnames)

.debug_pubtypes
 *(.debug_pubtypes)

.debug_ranges   0x0000000000000000       0xb0
 *(.debug_ranges)
 .debug_ranges  0x0000000000000000       0xb0 build/default/production/main.o

.debug_macro
 *(.debug_macro)
OUTPUT(dist/default/production/avr128da48-cnano-adc-window-comparator.X.production.elf elf32-avr)
LOAD linker stubs
LOAD data_init

.note.gnu.avr.deviceinfo
                0x0000000000000000       0x40
 .note.gnu.avr.deviceinfo
                0x0000000000000000       0x40 C:/Users/m52701/.mchp_packs/Microchip/AVR-Dx_DFP/1.1.40/xc8/avr/lib/avrxmega4/memx-const/crtavr128da48.o

.text.main      0x0000000000000146       0x64
 .text.main     0x0000000000000146       0x64 build/default/production/main.o
                0x0000000000000146                main

.text.PORT_init
                0x00000000000001aa       0x1e
 .text.PORT_init
                0x00000000000001aa       0x1e build/default/production/main.o
                0x00000000000001aa                PORT_init

.text.SYSTEM_init
                0x00000000000001c8       0x1c
 .text.SYSTEM_init
                0x00000000000001c8       0x1c build/default/production/main.o
                0x00000000000001c8                SYSTEM_init

.text.ADC0_init
                0x00000000000001e4       0x1a
 .text.ADC0_init
                0x00000000000001e4       0x1a build/default/production/main.o
                0x00000000000001e4                ADC0_init

.text.USART1_init
                0x00000000000001fe       0x16
 .text.USART1_init
                0x00000000000001fe       0x16 build/default/production/main.o
                0x00000000000001fe                USART1_init

.text.CLKCTRL_init
                0x0000000000000214       0x10
 .text.CLKCTRL_init
                0x0000000000000214       0x10 build/default/production/main.o
                0x0000000000000214                CLKCTRL_init

.text.USART1_Write
                0x0000000000000224       0x10
 .text.USART1_Write
                0x0000000000000224       0x10 build/default/production/main.o
                0x0000000000000224                USART1_Write

.text.LED0_init
                0x0000000000000234        0xc
 .text.LED0_init
                0x0000000000000234        0xc build/default/production/main.o
                0x0000000000000234                LED0_init

.text.avrlibc   0x0000000000000240        0xc
 .text.avrlibc  0x0000000000000240        0xc C:/Users/m52701/.mchp_packs/Microchip/AVR-Dx_DFP/1.1.40/xc8/avr/lib/avrxmega4/memx-const\libavr128da48.a(ccp_write.o)
                0x0000000000000240                ccp_write_io

.text.ADC0_resultBelowTreshold
                0x000000000000024c        0xa
 .text.ADC0_resultBelowTreshold
                0x000000000000024c        0xa build/default/production/main.o
                0x000000000000024c                ADC0_resultBelowTreshold

.text           0x0000000000000256        0x4
 .text          0x0000000000000256        0x4 C:/Users/m52701/.mchp_packs/Microchip/AVR-Dx_DFP/1.1.40/xc8/avr/lib/avrxmega4/memx-const/crtavr128da48.o
                0x0000000000000256                __vector_38
                0x0000000000000256                __vector_22
                0x0000000000000256                __vector_28
                0x0000000000000256                __vector_1
                0x0000000000000256                __vector_32
                0x0000000000000256                __vector_34
                0x0000000000000256                __vector_24
                0x0000000000000256                __vector_12
                0x0000000000000256                __vector_55
                0x0000000000000256                __vector_46
                0x0000000000000256                __bad_interrupt
                0x0000000000000256                __vector_6
                0x0000000000000256                __vector_31
                0x0000000000000256                __vector_35
                0x0000000000000256                __vector_39
                0x0000000000000256                __vector_3
                0x0000000000000256                __vector_23
                0x0000000000000256                __vector_30
                0x0000000000000256                __vector_45
                0x0000000000000256                __vector_25
                0x0000000000000256                __vector_11
                0x0000000000000256                __vector_54
                0x0000000000000256                __vector_13
                0x0000000000000256                __vector_17
                0x0000000000000256                __vector_19
                0x0000000000000256                __vector_56
                0x0000000000000256                __vector_7
                0x0000000000000256                __vector_49
                0x0000000000000256                __vector_41
                0x0000000000000256                __vector_43
                0x0000000000000256                __vector_27
                0x0000000000000256                __vector_5
                0x0000000000000256                __vector_33
                0x0000000000000256                __vector_47
                0x0000000000000256                __vector_52
                0x0000000000000256                __vector_37
                0x0000000000000256                __vector_4
                0x0000000000000256                __vector_44
                0x0000000000000256                __vector_51
                0x0000000000000256                __vector_9
                0x0000000000000256                __vector_2
                0x0000000000000256                __vector_21
                0x0000000000000256                __vector_15
                0x0000000000000256                __vector_36
                0x0000000000000256                __vector_29
                0x0000000000000256                __vector_40
                0x0000000000000256                __vector_8
                0x0000000000000256                __vector_26
                0x0000000000000256                __vector_48
                0x0000000000000256                __vector_14
                0x0000000000000256                __vector_57
                0x0000000000000256                __vector_53
                0x0000000000000256                __vector_10
                0x0000000000000256                __vector_50
                0x0000000000000256                __vector_16
                0x0000000000000256                __vector_18
                0x0000000000000256                __vector_20
                0x0000000000000256                __vector_42
